// Jest Snapshot v1, https://goo.gl/fbAQLP

exports[`Prueba Home Component Debe de hacer match con el snapshot 1`] = `
<div class="home">
  <div class="home-content"><img alt="Vue logo" src="@/assets/pikachu.svg">
    <h1>Welcome to Pokédex</h1>
    <p>
      The digital encyclopedia created by Professor Oak is an invaluable tool to Trainers in the Pokémon world.
    </p>
    <router-link to="/pokedex">Get started</router-link>
  </div>
</div>
`;
